python : Traceback (most recent call 
last):
At line:1 char:1
+ python test_api.py 2>&1 > 
test_output.txt; Get-Content 
test_output.tx ...
+ 
~~~~~~~~~~~~~~~~~~~~~~~~~~~~~~~~~~~~~~~~~
    + CategoryInfo          : NotSpecifie 
   d: (Traceback (most recent call last)  
  ::String) [], RemoteException
    + FullyQualifiedErrorId : NativeComma 
   ndError
 
  File "C:\Users\SAMIR\Desktop\WEBSITE\ext
\backend\test_api.py", line 1, in <module>
    from amazon_client import 
amazon_client
  File "C:\Users\SAMIR\Desktop\WEBSITE\ext
\backend\amazon_client.py", line 146, in 
<module>
    amazon_client = AmazonProductAPI()
  File "C:\Users\SAMIR\Desktop\WEBSITE\ext
\backend\amazon_client.py", line 37, in 
__init__
    print(f"\u2705 Amazon PA-API Client 
initialized for {self.marketplace}")
    ~~~~~^^^^^^^^^^^^^^^^^^^^^^^^^^^^^^^^^
^^^^^^^^^^^^^^^^^^^^^^^^^^^^^^
  File "C:\Users\SAMIR\AppData\Local\Progr
ams\Python\Python313\Lib\encodings\cp1252.
py", line 19, in encode
    return codecs.charmap_encode(input,sel
f.errors,encoding_table)[0]
           ~~~~~~~~~~~~~~~~~~~~~^^^^^^^^^^
^^^^^^^^^^^^^^^^^^^^^^^^
UnicodeEncodeError: 'charmap' codec can't 
encode character '\u2705' in position 0: 
character maps to <undefined>
